{
  "version": "1.5.0",
  "plugins_used": [
    {
      "name": "ArtifactoryDetector"
    },
    {
      "name": "AWSKeyDetector"
    },
    {
      "name": "AzureStorageKeyDetector"
    },
    {
      "name": "Base64HighEntropyString",
      "limit": 4.5
    },
    {
      "name": "BasicAuthDetector"
    },
    {
      "name": "CloudantDetector"
    },
    {
      "name": "DiscordBotTokenDetector"
    },
    {
      "name": "GitHubTokenDetector"
    },
    {
      "name": "GitLabTokenDetector"
    },
    {
      "name": "HexHighEntropyString",
      "limit": 3.0
    },
    {
      "name": "IbmCloudIamDetector"
    },
    {
      "name": "IbmCosHmacDetector"
    },
    {
      "name": "IPPublicDetector"
    },
    {
      "name": "JwtTokenDetector"
    },
    {
      "name": "KeywordDetector",
      "keyword_exclude": ""
    },
    {
      "name": "MailchimpDetector"
    },
    {
      "name": "NpmDetector"
    },
    {
      "name": "OpenAIDetector"
    },
    {
      "name": "PrivateKeyDetector"
    },
    {
      "name": "PypiTokenDetector"
    },
    {
      "name": "SendGridDetector"
    },
    {
      "name": "SlackDetector"
    },
    {
      "name": "SoftlayerDetector"
    },
    {
      "name": "SquareOAuthDetector"
    },
    {
      "name": "StripeDetector"
    },
    {
      "name": "TelegramBotTokenDetector"
    },
    {
      "name": "TwilioKeyDetector"
    }
  ],
  "filters_used": [
    {
      "path": "detect_secrets.filters.allowlist.is_line_allowlisted"
    },
    {
      "path": "detect_secrets.filters.common.is_baseline_file",
      "filename": ".secrets.baseline"
    },
    {
      "path": "detect_secrets.filters.common.is_ignored_due_to_verification_policies",
      "min_level": 2
    },
    {
      "path": "detect_secrets.filters.heuristic.is_indirect_reference"
    },
    {
      "path": "detect_secrets.filters.heuristic.is_likely_id_string"
    },
    {
      "path": "detect_secrets.filters.heuristic.is_lock_file"
    },
    {
      "path": "detect_secrets.filters.heuristic.is_not_alphanumeric_string"
    },
    {
      "path": "detect_secrets.filters.heuristic.is_potential_uuid"
    },
    {
      "path": "detect_secrets.filters.heuristic.is_prefixed_with_dollar_sign"
    },
    {
      "path": "detect_secrets.filters.heuristic.is_sequential_string"
    },
    {
      "path": "detect_secrets.filters.heuristic.is_swagger_file"
    },
    {
      "path": "detect_secrets.filters.heuristic.is_templated_secret"
    }
  ],
  "results": {
    "agent_run/runtime/sandbox/handoff.py": [
      {
        "type": "Secret Keyword",
        "filename": "agent_run/runtime/sandbox/handoff.py",
        "hashed_secret": "bf2e25b8cf4cab94646bf685fda94648ed25b9dd",
        "is_verified": false,
        "line_number": 32
      }
    ],
    "tests/test_background_tasks.py": [
      {
        "type": "Secret Keyword",
        "filename": "tests/test_background_tasks.py",
        "hashed_secret": "f93640458964af294a485bc6d597694cf3308e1f",
        "is_verified": false,
        "line_number": 495
      }
    ],
    "tests/test_checkpoint_secrets.py": [
      {
        "type": "Basic Auth Credentials",
        "filename": "tests/test_checkpoint_secrets.py",
        "hashed_secret": "f12b97b2764ed36be854e026d376649463658dbe",
        "is_verified": false,
        "line_number": 20
      }
    ],
    "tests/test_codex_harness.py": [
      {
        "type": "Secret Keyword",
        "filename": "tests/test_codex_harness.py",
        "hashed_secret": "e9a5f12a8ecbb3eb46eca5096b5c52aa5e7c9fdd",
        "is_verified": false,
        "line_number": 36
      },
      {
        "type": "Secret Keyword",
        "filename": "tests/test_codex_harness.py",
        "hashed_secret": "76ce15edd5a8548603b6fd281d185f323234758f",
        "is_verified": false,
        "line_number": 129
      },
      {
        "type": "Secret Keyword",
        "filename": "tests/test_codex_harness.py",
        "hashed_secret": "f93640458964af294a485bc6d597694cf3308e1f",
        "is_verified": false,
        "line_number": 862
      },
      {
        "type": "Secret Keyword",
        "filename": "tests/test_codex_harness.py",
        "hashed_secret": "f997b497b0512a3052a2e952e2bcce8cf41a9dba",
        "is_verified": false,
        "line_number": 870
      },
      {
        "type": "Secret Keyword",
        "filename": "tests/test_codex_harness.py",
        "hashed_secret": "b46f0eb6e7b39e42ed764f98abc7d3125edf26b8",
        "is_verified": false,
        "line_number": 898
      }
    ],
    "tests/test_config.py": [
      {
        "type": "Basic Auth Credentials",
        "filename": "tests/test_config.py",
        "hashed_secret": "3c3b274d119ff5a5ec6c1e215c1cb794d9973ac1",
        "is_verified": false,
        "line_number": 204
      }
    ],
    "tests/test_config_secrets.py": [
      {
        "type": "Secret Keyword",
        "filename": "tests/test_config_secrets.py",
        "hashed_secret": "7f17fe9533b121dc61642dc1fe4a1e7ad115bbb0",
        "is_verified": false,
        "line_number": 24
      }
    ],
    "tests/test_control.py": [
      {
        "type": "Secret Keyword",
        "filename": "tests/test_control.py",
        "hashed_secret": "e9a5f12a8ecbb3eb46eca5096b5c52aa5e7c9fdd",
        "is_verified": false,
        "line_number": 360
      }
    ],
    "tests/test_harness_options.py": [
      {
        "type": "Secret Keyword",
        "filename": "tests/test_harness_options.py",
        "hashed_secret": "a1b9892611956aa13a5ab9ccf01f49662583f2d2",
        "is_verified": false,
        "line_number": 143
      },
      {
        "type": "Secret Keyword",
        "filename": "tests/test_harness_options.py",
        "hashed_secret": "6e17d91b26a29d93dd465bfe29a640c60129841e",
        "is_verified": false,
        "line_number": 236
      },
      {
        "type": "Secret Keyword",
        "filename": "tests/test_harness_options.py",
        "hashed_secret": "f93640458964af294a485bc6d597694cf3308e1f",
        "is_verified": false,
        "line_number": 423
      }
    ],
    "tests/test_repos.py": [
      {
        "type": "Basic Auth Credentials",
        "filename": "tests/test_repos.py",
        "hashed_secret": "f3f5fc4031699d91d0c223fcf9eca6b78aa4d264",
        "is_verified": false,
        "line_number": 86
      }
    ],
    "tests/test_sandbox_runtime.py": [
      {
        "type": "Secret Keyword",
        "filename": "tests/test_sandbox_runtime.py",
        "hashed_secret": "56e28b2bbe5c7672b700d64e80332441aef97a46",
        "is_verified": false,
        "line_number": 465
      },
      {
        "type": "Secret Keyword",
        "filename": "tests/test_sandbox_runtime.py",
        "hashed_secret": "766a6e8998aefe2117d62c2d48411e43161ffa11",
        "is_verified": false,
        "line_number": 795
      }
    ],
    "tests/test_scoped_gcs.py": [
      {
        "type": "Secret Keyword",
        "filename": "tests/test_scoped_gcs.py",
        "hashed_secret": "e9a5f12a8ecbb3eb46eca5096b5c52aa5e7c9fdd",
        "is_verified": false,
        "line_number": 307
      }
    ],
    "tests/test_workspace.py": [
      {
        "type": "Basic Auth Credentials",
        "filename": "tests/test_workspace.py",
        "hashed_secret": "79bead8e6d65862a00cffaa12ccde1189ec34d29",
        "is_verified": false,
        "line_number": 55
      }
    ]
  },
  "generated_at": "2026-09-21T15:51:13Z"
}
